// Jest Snapshot v1, https://goo.gl/fbAQLP

exports[`Renders when no files match 1`] = `
"


 pattern › no-matchx
[MOCK - cursorSavePosition]


 Pattern matches no files
[MOCK - cursorTo(20, 5)]
[MOCK - cursorRestorePosition]"
`;

exports[`Renders when there are many matches 1`] = `
"


 pattern › p.*
[MOCK - cursorSavePosition]


 Pattern matches 3 files

 › path/to/file-1.js

 › path/to/file-2.js

 › path/to/file-3.js
[MOCK - cursorTo(14, 5)]
[MOCK - cursorRestorePosition]"
`;

exports[`Renders when there is one match 1`] = `
"


 pattern › p.*1
[MOCK - cursorSavePosition]


 Pattern matches 1 file

 › path/to/file-1.js
[MOCK - cursorTo(15, 5)]
[MOCK - cursorRestorePosition]"
`;
