// Jest Snapshot v1, https://goo.gl/fbAQLP

exports[`formatTestNameByPattern formats when testname="the test name", pattern="name", and width="5" 1`] = `"</>...me</>"`;

exports[`formatTestNameByPattern formats when testname="the test name", pattern="name", and width="10" 1`] = `"<dim>...st </></>name</>"`;

exports[`formatTestNameByPattern formats when testname="the test name", pattern="name", and width="15" 1`] = `"<dim>the test </></>name</>"`;

exports[`formatTestNameByPattern formats when testname="the test name", pattern="name", and width="20" 1`] = `"<dim>the test </></>name</>"`;

exports[`formatTestNameByPattern formats when testname="the test name", pattern="name", and width="25" 1`] = `"<dim>the test </></>name</>"`;

exports[`formatTestNameByPattern formats when testname="the test name", pattern="name", and width="30" 1`] = `"<dim>the test </></>name</>"`;

exports[`formatTestNameByPattern formats when testname="the test name", pattern="test", and width="5" 1`] = `"</>...</><dim>me</>"`;

exports[`formatTestNameByPattern formats when testname="the test name", pattern="test", and width="10" 1`] = `"</>...st</><dim> name</>"`;

exports[`formatTestNameByPattern formats when testname="the test name", pattern="test", and width="15" 1`] = `"<dim>the </></>test</><dim> name</>"`;

exports[`formatTestNameByPattern formats when testname="the test name", pattern="test", and width="20" 1`] = `"<dim>the </></>test</><dim> name</>"`;

exports[`formatTestNameByPattern formats when testname="the test name", pattern="test", and width="25" 1`] = `"<dim>the </></>test</><dim> name</>"`;

exports[`formatTestNameByPattern formats when testname="the test name", pattern="test", and width="30" 1`] = `"<dim>the </></>test</><dim> name</>"`;

exports[`formatTestNameByPattern formats when testname="the test name", pattern="the", and width="5" 1`] = `"</>...</><dim>me</>"`;

exports[`formatTestNameByPattern formats when testname="the test name", pattern="the", and width="10" 1`] = `"</>...</><dim>st name</>"`;

exports[`formatTestNameByPattern formats when testname="the test name", pattern="the", and width="15" 1`] = `"</>the</><dim> test name</>"`;

exports[`formatTestNameByPattern formats when testname="the test name", pattern="the", and width="20" 1`] = `"</>the</><dim> test name</>"`;

exports[`formatTestNameByPattern formats when testname="the test name", pattern="the", and width="25" 1`] = `"</>the</><dim> test name</>"`;

exports[`formatTestNameByPattern formats when testname="the test name", pattern="the", and width="30" 1`] = `"</>the</><dim> test name</>"`;
