// Jest Snapshot v1, https://goo.gl/fbAQLP

exports[`formatTestNameByPattern formats when testname="the test name", pattern="name", and width="5" 1`] = `"</>...me</>"`;

exports[`formatTestNameByPattern formats when testname="the test name", pattern="name", and width="10" 1`] = `"<dim>...st </></>name</>"`;

exports[`formatTestNameByPattern formats when testname="the test name", pattern="name", and width="15" 1`] = `"<dim>the test </></>name</>"`;

exports[`formatTestNameByPattern formats when testname="the test name", pattern="name", and width="20" 1`] = `"<dim>the test </></>name</>"`;

exports[`formatTestNameByPattern formats when testname="the test name", pattern="name", and width="25" 1`] = `"<dim>the test </></>name</>"`;

exports[`formatTestNameByPattern formats when testname="the test name", pattern="name", and width="30" 1`] = `"<dim>the test </></>name</>"`;

exports[`formatTestNameByPattern formats when testname="the test name", pattern="test", and width="5" 1`] = `"</>...</><dim>me</>"`;

exports[`formatTestNameByPattern formats when testname="the test name", pattern="test", and width="10" 1`] = `"</>...st</><dim> name</>"`;

exports[`formatTestNameByPattern formats when testname="the test name", pattern="test", and width="15" 1`] = `"<dim>the </></>test</><dim> name</>"`;

exports[`formatTestNameByPattern formats when testname="the test name", pattern="test", and width="20" 1`] = `"<dim>the </></>test</><dim> name</>"`;

exports[`formatTestNameByPattern formats when testname="the test name", pattern="test", and width="25" 1`] = `"<dim>the </></>test</><dim> name</>"`;

exports[`formatTestNameByPattern formats when testname="the test name", pattern="test", and width="30" 1`] = `"<dim>the </></>test</><dim> name</>"`;

exports[`formatTestNameByPattern formats when testname="the test name", pattern="the", and width="5" 1`] = `"</>...</><dim>me</>"`;

exports[`formatTestNameByPattern formats when testname="the test name", pattern="the", and width="10" 1`] = `"</>...</><dim>st name</>"`;

exports[`formatTestNameByPattern formats when testname="the test name", pattern="the", and width="15" 1`] = `"</>the</><dim> test name</>"`;

exports[`formatTestNameByPattern formats when testname="the test name", pattern="the", and width="20" 1`] = `"</>the</><dim> test name</>"`;

exports[`formatTestNameByPattern formats when testname="the test name", pattern="the", and width="25" 1`] = `"</>the</><dim> test name</>"`;

exports[`formatTestNameByPattern formats when testname="the test name", pattern="the", and width="30" 1`] = `"</>the</><dim> test name</>"`;

exports[`highlight highlights match correctly when filePath="...s/utils/src/__tests__/hello-world.js" 1`] = `"<dim>...s/utils/src/__tests__/</></>hello</><dim>-world.js</>"`;

exports[`highlight highlights match correctly when filePath="libs/utils/src/__tests__/hello-world.js" 1`] = `"<dim>libs/utils/src/__tests__/</></>hello</><dim>-world.js</>"`;

exports[`trimAndFormatPath formats when testpath="/project/src/exactly/sep_and_basename.js", pad="6", and columns="29" 1`] = `"<dim>.../</><bold>sep_and_basename.js</>"`;

exports[`trimAndFormatPath formats when testpath="/project/src/gonna/fit/all.js", pad="6", and columns="80" 1`] = `"<dim>src/gonna/fit/</><bold>all.js</>"`;

exports[`trimAndFormatPath formats when testpath="/project/src/long_name_gonna_need_trimming.js", pad="6", and columns="40" 1`] = `"<bold>...ong_name_gonna_need_trimming.js</>"`;

exports[`trimAndFormatPath formats when testpath="/project/src/trimmed_dir/foo.js", pad="6", and columns="20" 1`] = `"<dim>..._dir/</><bold>foo.js</>"`;
